// Jest Snapshot v1, https://goo.gl/fbAQLP

exports[`renders common page 1`] = `
<div>
  <div
    class="pageContainer"
    data-testid="common-page"
  >
    <div
      class="stickyHeader pageHeader"
      data-testid="common-page-header"
      value="one"
    >
      <div
        class="cardHeader"
      >
        <div>
          <span
            class="header-title"
            data-testid="common-page-title"
          >
            Test Card
          </span>
          <span
            class=""
            data-testid="common-page-subtitle"
          >
            This is a subtitle
          </span>
        </div>
        <div
          class="headerActions"
        >
          <button
            class=""
            tabindex="0"
            type="button"
          >
            <span>
              Test Action
            </span>
            <span
              class=""
            />
          </button>
          <div
            class="commonSwitch"
          >
            <label
              class="controlLabel"
            >
              <span
                class=""
              >
                <span
                  aria-disabled="false"
                  class=""
                >
                  <span>
                    <input
                      id=""
                      type="checkbox"
                      value=""
                    />
                    <span />
                  </span>
                </span>
                <span
                  class=""
                />
              </span>
              <span
                class=""
              >
                CUSTOM ACTION
              </span>
            </label>
            
          </div>
        </div>
      </div>
      <div
        class=""
        role="alert"
      >
        <div>
          <svg
            aria-hidden="true"
            class=""
            focusable="false"
            role="presentation"
            viewBox="0 0 24 24"
          >
            <path
              d="M20,12A8,8 0 0,1 12,20A8,8 0 0,1 4,12A8,8 0 0,1 12,4C12.76,4 13.5,4.11 14.2, 4.31L15.77,2.74C14.61,2.26 13.34,2 12,2A10,10 0 0,0 2,12A10,10 0 0,0 12,22A10,10 0 0, 0 22,12M7.91,10.08L6.5,11.5L11,16L21,6L19.59,4.58L11,13.17L7.91,10.08Z"
            />
          </svg>
        </div>
        <div>
          Some alert message
        </div>
      </div>
    </div>
    <div
      class="contentAndMenu"
      data-testid="common-page-content-and-menu"
    >
      <div
        class="content"
        data-testid="common-page-content"
      >
        Some content here.
      </div>
    </div>
  </div>
</div>
`;
