// Jest Snapshot v1, https://goo.gl/fbAQLP

exports[`render common tabbed page 1`] = `
<div>
  <div
    class="pageContainer"
    data-testid="common-page"
  >
    <div
      class="MuiPaper-root MuiCard-root stickyHeader pageHeader MuiPaper-elevation1 MuiPaper-rounded"
      data-testid="common-page-header"
    >
      <div
        class="MuiCardHeader-root cardHeader"
      >
        <div
          class="MuiCardHeader-content"
        >
          <span
            class="MuiTypography-root MuiCardHeader-title header-title MuiTypography-h5 MuiTypography-displayBlock"
            data-testid="common-page-title"
          >
            Test Card
          </span>
          <span
            class="MuiTypography-root MuiCardHeader-subheader MuiTypography-body2 MuiTypography-colorTextSecondary MuiTypography-displayBlock"
            data-testid="common-page-subtitle"
          />
        </div>
        <div
          class="MuiCardHeader-action headerActions"
        >
          <button
            class="MuiButtonBase-root MuiButton-root MuiButton-text MuiButton-textPrimary"
            tabindex="0"
            type="button"
          >
            <span
              class="MuiButton-label"
            >
              Test Action
            </span>
            <span
              class="MuiTouchRipple-root"
            />
          </button>
          <div
            class="commonSwitch"
          >
            <label
              class="MuiFormControlLabel-root controlLabel"
            >
              <span
                class="MuiSwitch-root"
              >
                <span
                  aria-disabled="false"
                  class="MuiButtonBase-root MuiIconButton-root PrivateSwitchBase-root-116 MuiSwitch-switchBase MuiSwitch-colorPrimary"
                >
                  <span
                    class="MuiIconButton-label"
                  >
                    <input
                      class="PrivateSwitchBase-input-119 MuiSwitch-input"
                      id=""
                      type="checkbox"
                      value=""
                    />
                    <span
                      class="MuiSwitch-thumb"
                    />
                  </span>
                </span>
                <span
                  class="MuiSwitch-track"
                />
              </span>
              <span
                class="MuiTypography-root MuiFormControlLabel-label MuiTypography-body1"
              >
                CUSTOM ACTION
              </span>
            </label>
            
          </div>
        </div>
      </div>
      <div
        class="MuiTabs-root tabs"
        data-testid="card-tabs"
      >
        <div
          class="MuiTabs-scroller MuiTabs-fixed"
          style="overflow: hidden;"
        >
          <div
            class="MuiTabs-flexContainer"
            role="tablist"
          >
            <button
              aria-selected="true"
              class="MuiButtonBase-root MuiTab-root test-tab-root tab tabbed-page-tab MuiTab-textColorPrimary Mui-selected"
              data-testid="tab-one"
              id="tab-one"
              role="tab"
              tabindex="0"
              type="button"
            >
              <span
                class="MuiTab-wrapper"
              >
                Tab One
              </span>
              <span
                class="MuiTouchRipple-root"
              />
            </button>
            <button
              aria-selected="false"
              class="MuiButtonBase-root MuiTab-root tab tabbed-page-tab MuiTab-textColorPrimary"
              data-testid="tab-two"
              id="tab-two"
              role="tab"
              tabindex="0"
              type="button"
            >
              <span
                class="MuiTab-wrapper"
              >
                Tab Two
              </span>
              <span
                class="MuiTouchRipple-root"
              />
            </button>
            <button
              aria-selected="false"
              class="MuiButtonBase-root MuiTab-root tab tabbed-page-tab MuiTab-textColorPrimary"
              data-testid="tab-three"
              id="tab-three"
              role="tab"
              tabindex="0"
              type="button"
            >
              <span
                class="MuiTab-wrapper"
              >
                Tab Three
              </span>
              <span
                class="MuiTouchRipple-root"
              />
            </button>
          </div>
          <span
            class="PrivateTabIndicator-root-150 PrivateTabIndicator-colorPrimary-151 MuiTabs-indicator"
            style="left: 0px; width: 0px;"
          />
        </div>
      </div>
    </div>
    <div
      class="contentAndMenu"
      data-testid="common-page-content-and-menu"
    >
      <div
        class="content"
        data-testid="common-page-content"
      >
        <div
          class="contentContainer"
        >
          <div
            class="MuiPaper-root MuiAlert-root MuiAlert-standardSuccess MuiPaper-elevation0"
            data-testid="alert-one"
            role="alert"
          >
            <div
              class="MuiAlert-icon"
            >
              <svg
                aria-hidden="true"
                class="MuiSvgIcon-root MuiSvgIcon-fontSizeInherit"
                focusable="false"
                role="presentation"
                viewBox="0 0 24 24"
              >
                <path
                  d="M20,12A8,8 0 0,1 12,20A8,8 0 0,1 4,12A8,8 0 0,1 12,4C12.76,4 13.5,4.11 14.2, 4.31L15.77,2.74C14.61,2.26 13.34,2 12,2A10,10 0 0,0 2,12A10,10 0 0,0 12,22A10,10 0 0, 0 22,12M7.91,10.08L6.5,11.5L11,16L21,6L19.59,4.58L11,13.17L7.91,10.08Z"
                />
              </svg>
            </div>
            <div
              class="MuiAlert-message"
            >
              Tab One!
            </div>
          </div>
        </div>
        <div
          data-testid="test"
        >
          Test
        </div>
        <div
          class="spinnerOverlay"
          data-is-active="false"
          data-testid="spinner-overlay"
        >
          <div
            class="loading"
          />
        </div>
      </div>
    </div>
  </div>
</div>
`;
