// Jest Snapshot v1, https://goo.gl/fbAQLP

exports[`render LinkButton 1`] = `
<div>
  <a
    class="link"
    data-testid="link"
    href="/some-page"
  >
    <button
      class="MuiButtonBase-root MuiButton-root MuiButton-text MuiButton-textPrimary"
      data-testid="button"
      tabindex="0"
      type="button"
    >
      <span
        class="MuiButton-label"
      >
        This link probably goes nowhere
      </span>
      <span
        class="MuiTouchRipple-root"
      />
    </button>
  </a>
</div>
`;
