// Jest Snapshot v1, https://goo.gl/fbAQLP

exports[`renders common page 1`] = `
<div>
  <div
    class="pageContainer"
    data-testid="common-page"
  >
    <div
      class="MuiPaper-root MuiPaper-elevation1 MuiCard-root stickyHeader pageHeader MuiPaper-rounded"
      data-testid="common-page-header"
      value="one"
    >
      <div
        class="MuiCardHeader-root cardHeader"
      >
        <div
          class="MuiCardHeader-content"
        >
          <span
            class="MuiTypography-root MuiCardHeader-title header-title MuiTypography-h5 MuiTypography-displayBlock"
            data-testid="common-page-title"
          >
            Test Card
          </span>
          <span
            class="MuiTypography-root MuiCardHeader-subheader MuiTypography-body2 MuiTypography-colorTextSecondary MuiTypography-displayBlock"
            data-testid="common-page-subtitle"
          >
            This is a subtitle
          </span>
        </div>
        <div
          class="MuiCardHeader-action headerActions"
        >
          <button
            class="MuiButtonBase-root MuiButton-root MuiButton-text MuiButton-textPrimary"
            tabindex="0"
            type="button"
          >
            <span
              class="MuiButton-label"
            >
              Test Action
            </span>
            <span
              class="MuiTouchRipple-root"
            />
          </button>
          <div
            class="commonSwitch"
          >
            <label
              class="MuiFormControlLabel-root controlLabel"
            >
              <span
                class="MuiSwitch-root"
              >
                <span
                  aria-disabled="false"
                  class="MuiButtonBase-root MuiIconButton-root PrivateSwitchBase-root-114 MuiSwitch-switchBase MuiSwitch-colorPrimary"
                >
                  <span
                    class="MuiIconButton-label"
                  >
                    <span
                      class="MuiSwitch-thumb"
                    />
                    <input
                      class="PrivateSwitchBase-input-117 MuiSwitch-input"
                      id=""
                      type="checkbox"
                      value=""
                    />
                  </span>
                </span>
                <span
                  class="MuiSwitch-track"
                />
              </span>
              <span
                class="MuiTypography-root MuiFormControlLabel-label MuiTypography-body1"
              >
                CUSTOM ACTION
              </span>
            </label>
            
          </div>
        </div>
      </div>
      <div
        class="alertContainer"
        data-testid="alert"
      >
        <div
          class="MuiTypography-root MuiPaper-root MuiPaper-elevation6 MuiSnackbarContent-root success alert-success MuiTypography-body2"
          data-testid="content"
          role="alertdialog"
        >
          <div
            class="MuiSnackbarContent-message"
          >
            <span
              data-testid="success-alert-message"
            >
              <svg
                aria-hidden="true"
                class="MuiSvgIcon-root alertIcon"
                data-testid="success-alert-icon"
                focusable="false"
                role="presentation"
                viewBox="0 0 24 24"
              >
                <path
                  d="M0 0h24v24H0z"
                  fill="none"
                />
                <path
                  d="M12 2C6.48 2 2 6.48 2 12s4.48 10 10 10 10-4.48 10-10S17.52 2 12 2zm-2 15l-5-5 1.41-1.41L10 14.17l7.59-7.59L19 8l-9 9z"
                />
              </svg>
              Some alert message
            </span>
          </div>
        </div>
      </div>
    </div>
    <div
      class="contentAndMenu"
      data-testid="common-page-content-and-menu"
    >
      <div
        class="content"
        data-testid="common-page-content"
      >
        Some content here.
      </div>
    </div>
  </div>
</div>
`;
