// Jest Snapshot v1, https://goo.gl/fbAQLP

exports[`it renders pdf and gets a loading state 1`] = `
<div>
  <div
    class="react-pdf__Document"
  >
    <div
      class="react-pdf__message react-pdf__message--loading"
    >
      Loading PDFâ€¦
    </div>
  </div>
</div>
`;
