// Jest Snapshot v1, https://goo.gl/fbAQLP

exports[`render common tabbed page 1`] = `
<div>
  <div
    class="pageContainer"
    data-testid="common-page"
  >
    <div
      class="MuiPaper-root stickyHeader pageHeader MuiPaper-elevation1"
      data-testid="common-page-header"
    >
      <div
        class="titleContainer"
        data-testid="common-page-title-container"
      >
        <h6
          class="MuiTypography-root title MuiTypography-subtitle1 MuiTypography-noWrap"
          data-testid="common-page-title"
        >
          Test Card
        </h6>
        
      </div>
      <div
        class="centerHeader"
      >
        <div
          class="MuiTabs-root tabsContainer"
          data-testid="common-tabbed-page-tabs"
        >
          <div
            class="PrivateTabScrollButton-root-69 MuiTabs-scrollButtons scrollButton"
          />
          <div
            class="MuiTabs-scrollable"
            style="width: 99px; height: 99px; position: absolute; top: -9999px; overflow: scroll;"
          />
          <div
            class="MuiTabs-scroller MuiTabs-scrollable"
            style="margin-bottom: 0px;"
          >
            <div
              class="MuiTabs-flexContainer tabs"
              role="tablist"
            >
              <button
                aria-selected="true"
                class="MuiButtonBase-root MuiTab-root tab tabbed-page-tab MuiTab-textColorPrimary Mui-selected"
                data-testid="tab-one"
                id="tab-one"
                role="tab"
                tabindex="0"
                type="button"
              >
                <span
                  class="MuiTab-wrapper"
                >
                  Tab One
                </span>
                <span
                  class="MuiTouchRipple-root"
                />
              </button>
              <button
                aria-selected="false"
                class="MuiButtonBase-root MuiTab-root tab tabbed-page-tab MuiTab-textColorPrimary"
                data-testid="tab-two"
                id="tab-two"
                role="tab"
                tabindex="0"
                type="button"
              >
                <span
                  class="MuiTab-wrapper"
                >
                  Tab Two
                </span>
                <span
                  class="MuiTouchRipple-root"
                />
              </button>
              <button
                aria-selected="false"
                class="MuiButtonBase-root MuiTab-root tab tabbed-page-tab MuiTab-textColorPrimary"
                data-testid="tab-three"
                id="tab-three"
                role="tab"
                tabindex="0"
                type="button"
              >
                <span
                  class="MuiTab-wrapper"
                >
                  Tab Three
                </span>
                <span
                  class="MuiTouchRipple-root"
                />
              </button>
            </div>
            <span
              class="PrivateTabIndicator-root-84 PrivateTabIndicator-colorPrimary-85 MuiTabs-indicator"
              style="left: 0px; width: 0px;"
            />
          </div>
          <div
            class="PrivateTabScrollButton-root-69 MuiTabs-scrollButtons scrollButton"
          />
        </div>
      </div>
      <div
        class="headerActions"
        data-testid="common-page-header-actions"
      >
        <div
          class="primaryActions"
          data-testid="common-page-primary-actions"
        >
          <button
            class="MuiButtonBase-root MuiButton-root primaryAction MuiButton-contained MuiButton-containedPrimary"
            tabindex="0"
            type="button"
          >
            <span
              class="MuiButton-label"
            >
              Test Action
            </span>
            <span
              class="MuiTouchRipple-root"
            />
          </button>
        </div>
        <button
          aria-describedby="test"
          class="MuiButtonBase-root MuiIconButton-root secondaryActionsButton"
          data-testid="common-page-secondary-actions-button"
          tabindex="0"
          type="button"
        >
          <span
            class="MuiIconButton-label"
          >
            <svg
              aria-hidden="true"
              class="MuiSvgIcon-root"
              focusable="false"
              role="presentation"
              viewBox="0 0 24 24"
            >
              <path
                d="M12 8c1.1 0 2-.9 2-2s-.9-2-2-2-2 .9-2 2 .9 2 2 2zm0 2c-1.1 0-2 .9-2 2s.9 2 2 2 2-.9 2-2-.9-2-2-2zm0 6c-1.1 0-2 .9-2 2s.9 2 2 2 2-.9 2-2-.9-2-2-2z"
              />
            </svg>
          </span>
          <span
            class="MuiTouchRipple-root"
          />
        </button>
      </div>
    </div>
    <div
      class="content"
      data-testid="common-page-content"
    >
      <div
        class="alertContainer"
        data-testid="alert"
      >
        <div
          class="MuiTypography-root MuiPaper-root MuiPaper-elevation6 MuiSnackbarContent-root error alert-error MuiTypography-body2"
          data-testid="alert-one"
          role="alertdialog"
        >
          <div
            class="MuiSnackbarContent-message"
          >
            <span
              data-testid="error-alert-message"
            >
              <svg
                aria-hidden="true"
                class="MuiSvgIcon-root alertIcon"
                data-testid="error-alert-icon"
                focusable="false"
                role="presentation"
                viewBox="0 0 24 24"
              >
                <path
                  d="M12 2C6.48 2 2 6.48 2 12s4.48 10 10 10 10-4.48 10-10S17.52 2 12 2zm1 15h-2v-2h2v2zm0-4h-2V7h2v6z"
                />
              </svg>
              Tab One!
            </span>
          </div>
        </div>
      </div>
      <div
        data-testid="test"
      >
        Test
      </div>
      <div
        class="spinnerOverlay"
        data-is-active="false"
        data-testid="spinner-overlay"
      >
        <div
          class="loading"
        />
      </div>
    </div>
  </div>
</div>
`;
