// Jest Snapshot v1, https://goo.gl/fbAQLP

exports[`render common tabbed page 1`] = `
<div>
  <div
    class="pageContainer"
    data-testid="common-page"
  >
    <div
      class="stickyHeader pageHeader"
      data-testid="common-page-header"
    >
      <div
        class="titleContainer"
        data-testid="common-page-title-container"
      >
        <h6
          class="title"
          data-testid="common-page-title"
        >
          Test Card
        </h6>
        
      </div>
      <div
        class="centerHeader"
      >
        <div
          class="tabsContainer"
          data-testid="common-tabbed-page-tabs"
        >
          <div
            class="scrollButton"
          />
          <div
            style="width: 99px; height: 99px; position: absolute; top: -9999px; overflow: scroll;"
          />
          <div
            class=""
            style="margin-bottom: 0px;"
          >
            <div
              class="tabs"
              role="tablist"
            >
              <button
                aria-selected="true"
                class="tab tabbed-page-tab"
                data-testid="tab-one"
                id="tab-one"
                role="tab"
                tabindex="0"
                type="button"
              >
                <span>
                  Tab One
                </span>
                <span
                  class=""
                />
              </button>
              <button
                aria-selected="false"
                class="tab tabbed-page-tab"
                data-testid="tab-two"
                id="tab-two"
                role="tab"
                tabindex="0"
                type="button"
              >
                <span>
                  Tab Two
                </span>
                <span
                  class=""
                />
              </button>
              <button
                aria-selected="false"
                class="tab tabbed-page-tab"
                data-testid="tab-three"
                id="tab-three"
                role="tab"
                tabindex="0"
                type="button"
              >
                <span>
                  Tab Three
                </span>
                <span
                  class=""
                />
              </button>
            </div>
            <span
              class=""
              style="left: 0px; width: 0px;"
            />
          </div>
          <div
            class="scrollButton"
          />
        </div>
      </div>
      <div
        class="headerActions"
        data-testid="common-page-header-actions"
      >
        <div
          class="primaryActions"
          data-testid="common-page-primary-actions"
        >
          <button
            class="primaryAction"
            tabindex="0"
            type="button"
          >
            <span>
              Test Action
            </span>
            <span
              class=""
            />
          </button>
        </div>
        <button
          aria-haspopup="true"
          aria-owns="common-page-secondary-actions"
          class="secondaryActionsButton"
          data-testid="dropdown-button"
          disabled=""
          tabindex="-1"
          type="button"
        >
          <span
            class="disabled"
          >
            <svg
              aria-hidden="true"
              class=""
              focusable="false"
              role="presentation"
              viewBox="0 0 24 24"
            >
              <path
                d="M12 8c1.1 0 2-.9 2-2s-.9-2-2-2-2 .9-2 2 .9 2 2 2zm0 2c-1.1 0-2 .9-2 2s.9 2 2 2 2-.9 2-2-.9-2-2-2zm0 6c-1.1 0-2 .9-2 2s.9 2 2 2 2-.9 2-2-.9-2-2-2z"
              />
            </svg>
          </span>
        </button>
      </div>
    </div>
    <div
      class="content"
      data-testid="common-page-content"
    >
      <div
        class=""
        data-testid="alert-one"
        role="alert"
      >
        <div>
          <svg
            aria-hidden="true"
            class=""
            focusable="false"
            role="presentation"
            viewBox="0 0 24 24"
          >
            <path
              d="M20,12A8,8 0 0,1 12,20A8,8 0 0,1 4,12A8,8 0 0,1 12,4C12.76,4 13.5,4.11 14.2, 4.31L15.77,2.74C14.61,2.26 13.34,2 12,2A10,10 0 0,0 2,12A10,10 0 0,0 12,22A10,10 0 0, 0 22,12M7.91,10.08L6.5,11.5L11,16L21,6L19.59,4.58L11,13.17L7.91,10.08Z"
            />
          </svg>
        </div>
        <div>
          Tab One!
        </div>
      </div>
      <div
        data-testid="test"
      >
        Test
      </div>
    </div>
    <div
      class="spinnerOverlay"
      data-is-active="false"
      data-testid="spinner-overlay"
    >
      <div
        class="loading"
      />
    </div>
  </div>
</div>
`;
