// Jest Snapshot v1, https://goo.gl/fbAQLP

exports[`render ExternalLink 1`] = `
<div>
  <a
    class="MuiButtonBase-root MuiButton-root MuiButton-flat test"
    href="https://www.grail.com"
    rel="noopener noreferrer"
    role="button"
    tabindex="0"
    target="_blank"
  >
    <span
      class="MuiButton-label"
    >
      GRAIL
    </span>
    <span
      class="MuiTouchRipple-root"
    />
  </a>
</div>
`;
