// Jest Snapshot v1, https://goo.gl/fbAQLP

exports[`default alert pane is error 1`] = `
<div>
  <div
    class="alertContainer"
    data-testid="alert"
  >
    <div
      class="error alert-error"
      data-testid="content"
      role="alertdialog"
    >
      <div
        class=""
      >
        <span
          data-testid="error-alert-message"
        >
          <svg
            aria-hidden="true"
            class="alertIcon"
            data-testid="error-alert-icon"
            focusable="false"
            role="presentation"
            viewBox="0 0 24 24"
          >
            <path
              d="M12 2C6.48 2 2 6.48 2 12s4.48 10 10 10 10-4.48 10-10S17.52 2 12 2zm1 15h-2v-2h2v2zm0-4h-2V7h2v6z"
            />
          </svg>
          Default
        </span>
      </div>
    </div>
  </div>
</div>
`;
