// Jest Snapshot v1, https://goo.gl/fbAQLP

exports[`render SuggestionsOmniField 1`] = `
<div>
  <div
    aria-expanded="false"
    class=""
    role="combobox"
  >
    <div
      class=""
    >
      <div
        class=""
        data-testid="common-suggest-input-container"
      >
        <input
          aria-autocomplete="list"
          aria-invalid="false"
          autocapitalize="none"
          autocomplete="off"
          class=""
          spellcheck="false"
          type="text"
          value=""
        />
        <div>
          <button
            aria-label="Clear"
            class=""
            tabindex="-1"
            title="Clear"
            type="button"
          >
            <span>
              <svg
                aria-hidden="true"
                class=""
                data-testid="common-suggest-close-icon"
                focusable="false"
                role="presentation"
                viewBox="0 0 24 24"
              >
                <path
                  d="M19 6.41L17.59 5 12 10.59 6.41 5 5 6.41 10.59 12 5 17.59 6.41 19 12 13.41 17.59 19 19 17.59 13.41 12z"
                />
              </svg>
            </span>
            <span
              class=""
            />
          </button>
        </div>
      </div>
    </div>
  </div>
</div>
`;
