// Jest Snapshot v1, https://goo.gl/fbAQLP

exports[`OmniSearchBar renders properly 1`] = `
<div>
  <div
    class="omniBar"
  >
    <div
      class="omniField"
    >
      <div
        class="MuiFormControl-root MuiFormControl-fullWidth placeholder text field"
      >
        <div
          class="MuiInputBase-root MuiInput-root MuiInputBase-fullWidth MuiInput-fullWidth MuiInputBase-formControl MuiInput-formControl MuiInputBase-adornedStart MuiInputBase-adornedEnd"
        >
          <div
            class="MuiInputAdornment-root MuiInputAdornment-positionStart"
          >
            <button
              aria-label="Clear entered search values"
              class="MuiButtonBase-root MuiIconButton-root MuiIconButton-colorInherit iconButton text"
              id="omni-input-field-id-search"
              tabindex="0"
              title="Search"
              type="button"
            >
              <span
                class="MuiIconButton-label"
              >
                <svg
                  aria-hidden="true"
                  class="MuiSvgIcon-root"
                  focusable="false"
                  role="presentation"
                  viewBox="0 0 24 24"
                >
                  <path
                    d="M15.5 14h-.79l-.28-.27C15.41 12.59 16 11.11 16 9.5 16 5.91 13.09 3 9.5 3S3 5.91 3 9.5 5.91 16 9.5 16c1.61 0 3.09-.59 4.23-1.57l.27.28v.79l5 4.99L20.49 19l-4.99-5zm-6 0C7.01 14 5 11.99 5 9.5S7.01 5 9.5 5 14 7.01 14 9.5 11.99 14 9.5 14z"
                  />
                  <path
                    d="M0 0h24v24H0z"
                    fill="none"
                  />
                </svg>
              </span>
            </button>
          </div>
          <input
            aria-invalid="false"
            class="MuiInputBase-input MuiInput-input MuiInputBase-inputAdornedStart MuiInputBase-inputAdornedEnd"
            id="omni-input-field-id"
            placeholder="Search here or use dropdown"
            type="text"
            value=""
          />
          <div
            class="MuiInputAdornment-root MuiInputAdornment-positionEnd"
          >
            <button
              aria-label="Expand search options"
              class="MuiButtonBase-root MuiIconButton-root MuiIconButton-colorInherit iconButton text"
              data-testid="search-options-expander"
              id="omni-input-field-id-menu"
              label="menu"
              tabindex="0"
              title="Search options"
              type="button"
            >
              <span
                class="MuiIconButton-label"
              >
                <svg
                  aria-hidden="true"
                  class="MuiSvgIcon-root"
                  focusable="false"
                  role="presentation"
                  viewBox="0 0 24 24"
                >
                  <path
                    d="M7 10l5 5 5-5z"
                  />
                  <path
                    d="M0 0h24v24H0z"
                    fill="none"
                  />
                </svg>
              </span>
            </button>
          </div>
        </div>
        
      </div>
    </div>
  </div>
</div>
`;
