// Jest Snapshot v1, https://goo.gl/fbAQLP

exports[`CommonMultiSelect margin 1`] = `
<div>
  <div
    aria-expanded="false"
    class="autocomplete"
    role="combobox"
  >
    <div
      class=""
    >
      
      <div
        class="inputRoot"
      >
        <div
          class=""
          data-tag-index="0"
          role="button"
          tabindex="-1"
        >
          <span
            class=""
          >
            Algeria
          </span>
          <svg
            aria-hidden="true"
            class=""
            focusable="false"
            role="presentation"
            viewBox="0 0 24 24"
          >
            <path
              d="M12 2C6.47 2 2 6.47 2 12s4.47 10 10 10 10-4.47 10-10S17.53 2 12 2zm5 13.59L15.59 17 12 13.41 8.41 17 7 15.59 10.59 12 7 8.41 8.41 7 12 10.59 15.59 7 17 8.41 13.41 12 17 15.59z"
            />
          </svg>
        </div>
        <div
          class=""
          data-tag-index="1"
          role="button"
          tabindex="-1"
        >
          <span
            class=""
          >
            Afghanistan
          </span>
          <svg
            aria-hidden="true"
            class=""
            focusable="false"
            role="presentation"
            viewBox="0 0 24 24"
          >
            <path
              d="M12 2C6.47 2 2 6.47 2 12s4.47 10 10 10 10-4.47 10-10S17.53 2 12 2zm5 13.59L15.59 17 12 13.41 8.41 17 7 15.59 10.59 12 7 8.41 8.41 7 12 10.59 15.59 7 17 8.41 13.41 12 17 15.59z"
            />
          </svg>
        </div>
        <input
          aria-autocomplete="list"
          aria-invalid="false"
          autocapitalize="none"
          autocomplete="off"
          class="input"
          data-testid="common-select-input"
          id="select-input"
          placeholder=""
          spellcheck="false"
          type="text"
          value=""
        />
        <div>
          <button
            aria-label="Clear"
            class=""
            tabindex="-1"
            title="Clear"
            type="button"
          >
            <span>
              <svg
                aria-hidden="true"
                class=""
                data-testid="common-select-close-icon"
                focusable="false"
                role="presentation"
                viewBox="0 0 24 24"
              >
                <path
                  d="M19 6.41L17.59 5 12 10.59 6.41 5 5 6.41 10.59 12 5 17.59 6.41 19 12 13.41 17.59 19 19 17.59 13.41 12z"
                />
              </svg>
            </span>
            <span
              class=""
            />
          </button>
          <button
            aria-label="Open"
            class=""
            tabindex="-1"
            title="Open"
            type="button"
          >
            <span>
              <svg
                aria-hidden="true"
                class=""
                focusable="false"
                role="presentation"
                viewBox="0 0 24 24"
              >
                <path
                  d="M7 10l5 5 5-5z"
                />
              </svg>
            </span>
            <span
              class=""
            />
          </button>
        </div>
      </div>
      
    </div>
  </div>
</div>
`;

exports[`CommonMultiSelect variant 1`] = `
<div>
  <div
    aria-expanded="false"
    class="autocomplete"
    role="combobox"
  >
    <div
      class=""
    >
      
      <div
        class="inputRoot"
      >
        <div
          class=""
          data-tag-index="0"
          role="button"
          tabindex="-1"
        >
          <span
            class=""
          >
            Algeria
          </span>
          <svg
            aria-hidden="true"
            class=""
            focusable="false"
            role="presentation"
            viewBox="0 0 24 24"
          >
            <path
              d="M12 2C6.47 2 2 6.47 2 12s4.47 10 10 10 10-4.47 10-10S17.53 2 12 2zm5 13.59L15.59 17 12 13.41 8.41 17 7 15.59 10.59 12 7 8.41 8.41 7 12 10.59 15.59 7 17 8.41 13.41 12 17 15.59z"
            />
          </svg>
        </div>
        <div
          class=""
          data-tag-index="1"
          role="button"
          tabindex="-1"
        >
          <span
            class=""
          >
            Afghanistan
          </span>
          <svg
            aria-hidden="true"
            class=""
            focusable="false"
            role="presentation"
            viewBox="0 0 24 24"
          >
            <path
              d="M12 2C6.47 2 2 6.47 2 12s4.47 10 10 10 10-4.47 10-10S17.53 2 12 2zm5 13.59L15.59 17 12 13.41 8.41 17 7 15.59 10.59 12 7 8.41 8.41 7 12 10.59 15.59 7 17 8.41 13.41 12 17 15.59z"
            />
          </svg>
        </div>
        <input
          aria-autocomplete="list"
          aria-invalid="false"
          autocapitalize="none"
          autocomplete="off"
          class="input"
          data-testid="common-select-input"
          id="select-input"
          placeholder=""
          spellcheck="false"
          type="text"
          value=""
        />
        <div>
          <button
            aria-label="Clear"
            class=""
            tabindex="-1"
            title="Clear"
            type="button"
          >
            <span>
              <svg
                aria-hidden="true"
                class=""
                data-testid="common-select-close-icon"
                focusable="false"
                role="presentation"
                viewBox="0 0 24 24"
              >
                <path
                  d="M19 6.41L17.59 5 12 10.59 6.41 5 5 6.41 10.59 12 5 17.59 6.41 19 12 13.41 17.59 19 19 17.59 13.41 12z"
                />
              </svg>
            </span>
            <span
              class=""
            />
          </button>
          <button
            aria-label="Open"
            class=""
            tabindex="-1"
            title="Open"
            type="button"
          >
            <span>
              <svg
                aria-hidden="true"
                class=""
                focusable="false"
                role="presentation"
                viewBox="0 0 24 24"
              >
                <path
                  d="M7 10l5 5 5-5z"
                />
              </svg>
            </span>
            <span
              class=""
            />
          </button>
        </div>
      </div>
      
    </div>
  </div>
</div>
`;

exports[`render CommonMultiSelect with preloaded values and clear one value 1`] = `
<div>
  <div
    aria-expanded="false"
    class="autocomplete"
    role="combobox"
  >
    <div
      class=""
    >
      
      <div
        class="inputRoot"
      >
        <div
          class=""
          data-tag-index="0"
          role="button"
          tabindex="-1"
        >
          <span
            class=""
          >
            Algeria
          </span>
          <svg
            aria-hidden="true"
            class=""
            focusable="false"
            role="presentation"
            viewBox="0 0 24 24"
          >
            <path
              d="M12 2C6.47 2 2 6.47 2 12s4.47 10 10 10 10-4.47 10-10S17.53 2 12 2zm5 13.59L15.59 17 12 13.41 8.41 17 7 15.59 10.59 12 7 8.41 8.41 7 12 10.59 15.59 7 17 8.41 13.41 12 17 15.59z"
            />
          </svg>
        </div>
        <div
          class=""
          data-tag-index="1"
          role="button"
          tabindex="-1"
        >
          <span
            class=""
          >
            Afghanistan
          </span>
          <svg
            aria-hidden="true"
            class=""
            focusable="false"
            role="presentation"
            viewBox="0 0 24 24"
          >
            <path
              d="M12 2C6.47 2 2 6.47 2 12s4.47 10 10 10 10-4.47 10-10S17.53 2 12 2zm5 13.59L15.59 17 12 13.41 8.41 17 7 15.59 10.59 12 7 8.41 8.41 7 12 10.59 15.59 7 17 8.41 13.41 12 17 15.59z"
            />
          </svg>
        </div>
        <input
          aria-autocomplete="list"
          aria-invalid="false"
          autocapitalize="none"
          autocomplete="off"
          class="input"
          data-testid="common-select-input"
          id="select-input"
          placeholder=""
          spellcheck="false"
          type="text"
          value=""
        />
        <div>
          <button
            aria-label="Clear"
            class=""
            tabindex="-1"
            title="Clear"
            type="button"
          >
            <span>
              <svg
                aria-hidden="true"
                class=""
                data-testid="common-select-close-icon"
                focusable="false"
                role="presentation"
                viewBox="0 0 24 24"
              >
                <path
                  d="M19 6.41L17.59 5 12 10.59 6.41 5 5 6.41 10.59 12 5 17.59 6.41 19 12 13.41 17.59 19 19 17.59 13.41 12z"
                />
              </svg>
            </span>
            <span
              class=""
            />
          </button>
          <button
            aria-label="Open"
            class=""
            tabindex="-1"
            title="Open"
            type="button"
          >
            <span>
              <svg
                aria-hidden="true"
                class=""
                focusable="false"
                role="presentation"
                viewBox="0 0 24 24"
              >
                <path
                  d="M7 10l5 5 5-5z"
                />
              </svg>
            </span>
            <span
              class=""
            />
          </button>
        </div>
      </div>
      
    </div>
  </div>
</div>
`;
